#! /opt/homebrew/Cellar/icarus-verilog/13.0/bin/vvp
:ivl_version "13.0 (stable)" "(v13_0)";
:ivl_delay_selection "TYPICAL";
:vpi_time_precision + 0;
:vpi_module "/opt/homebrew/Cellar/icarus-verilog/13.0/lib/ivl/system.vpi";
:vpi_module "/opt/homebrew/Cellar/icarus-verilog/13.0/lib/ivl/vhdl_sys.vpi";
:vpi_module "/opt/homebrew/Cellar/icarus-verilog/13.0/lib/ivl/vhdl_textio.vpi";
:vpi_module "/opt/homebrew/Cellar/icarus-verilog/13.0/lib/ivl/v2005_math.vpi";
:vpi_module "/opt/homebrew/Cellar/icarus-verilog/13.0/lib/ivl/va_math.vpi";
:vpi_module "/opt/homebrew/Cellar/icarus-verilog/13.0/lib/ivl/v2009.vpi";
S_0x13c804370 .scope package, "$unit" "$unit" 2 1;
 .timescale 0 0;
S_0x13c8044e0 .scope module, "test" "test" 3 1;
 .timescale 0 0;
v0x13c8148b0_0 .var/2u "_ivl_0", 7 0;
v0x13c814970_0 .var/queue "q", 8;
S_0x13c804650 .scope begin, "$ivl_foreach0" "$ivl_foreach0" 3 7, 3 7 0, S_0x13c8044e0;
 .timescale 0 0;
v0x13c804810_0 .var/2s "i", 31 0;
    .scope S_0x13c8044e0;
T_0 ;
    %ix/load 4, 0, 0;
    %pushi/vec4 5, 0, 8;
    %ix/load 3, 0, 0;
    %flag_set/imm 4, 0;
    %store/qdar/v v0x13c814970_0, 4, 8;
    %pushi/vec4 10, 0, 8;
    %ix/load 3, 1, 0;
    %flag_set/imm 4, 0;
    %store/qdar/v v0x13c814970_0, 4, 8;
    %ix/load 5, 2, 0;
    %delete/tail v0x13c814970_0, 5;
    %ix/load 4, 0, 0;
    %pushi/vec4 20, 0, 8;
    %store/qb/v v0x13c814970_0, 4, 8;
    %qpop/f/v v0x13c814970_0, 8;
    %store/vec4 v0x13c8148b0_0, 0, 8;
    %fork t_1, S_0x13c804650;
    %jmp t_0;
    .scope S_0x13c804650;
t_1 ;
    %vpi_func 3 7 "$low" 32, v0x13c814970_0 {0 0 0};
    %store/vec4 v0x13c804810_0, 0, 32;
T_0.0 ; Top of for-loop
    %load/vec4 v0x13c804810_0;
    %vpi_func 3 7 "$high" 32, v0x13c814970_0 {0 0 0};
    %cmp/s;
    %flag_or 5, 4;
	  %jmp/0xz T_0.1, 5;
    %ix/getv/s 3, v0x13c804810_0;
    %load/dar/vec4 v0x13c814970_0;
    %cast2;
    %vpi_call/w 3 8 "$display", "the elements in the queue after the operations are:q[%0d]=%0d", v0x13c804810_0, S<0,vec4,u8> {1 0 0};
T_0.2 ; for-loop step statement
    ; show_stmt_assign_vector: Get l-value for compressed += operand
    %load/vec4 v0x13c804810_0;
    %pushi/vec4 1, 0, 32;
    %add;
    %cast2;
    %store/vec4 v0x13c804810_0, 0, 32;
    %jmp T_0.0;
T_0.1 ; for-loop exit label
    %end;
    .scope S_0x13c8044e0;
t_0 %join;
    %end;
    .thread T_0;
# The file index is used to find the file name in the following table.
:file_names 4;
    "N/A";
    "<interactive>";
    "-";
    "test.sv";
